// Jest Snapshot v1, https://goo.gl/fbAQLP

exports[`Button should render successfully 1`] = `
<button
  className="container"
  disabled={false}
/>
`;
